08:45:23 **** Build of configuration Debug for project USART ****
make -j8 all 
Building file: ../src/main.c
Invoking: MCU GCC Compiler
C:\Users\Garritsen\Documents\Courses\STM32_Microcontrollers\STM32F103RB\Projects_Bare_Metal\USART\Debug
arm-none-eabi-gcc -mcpu=cortex-m3 -mthumb -mfloat-abi=soft -DSTM32 -DSTM32F1 -DSTM32F103RBTx -DDEBUG -DSTM32F10X_MD -DUSE_STDPERIPH_DRIVER -I"C:/Users/Garritsen/Documents/Courses/STM32_Microcontrollers/STM32F103RB/Projects_Bare_Metal/USART/StdPeriph_Driver/inc" -I"C:/Users/Garritsen/Documents/Courses/STM32_Microcontrollers/STM32F103RB/Projects_Bare_Metal/USART/inc" -I"C:/Users/Garritsen/Documents/Courses/STM32_Microcontrollers/STM32F103RB/Projects_Bare_Metal/USART/CMSIS/device" -I"C:/Users/Garritsen/Documents/Courses/STM32_Microcontrollers/STM32F103RB/Projects_Bare_Metal/USART/CMSIS/core" -O0 -g3 -Wall -fmessage-length=0 -ffunction-sections -c -MMD -MP -MF"src/main.d" -MT"src/main.o" -o "src/main.o" "../src/main.c"
Finished building: ../src/main.c
 
Building target: USART.elf
Invoking: MCU GCC Linker
arm-none-eabi-gcc -mcpu=cortex-m3 -mthumb -mfloat-abi=soft -T"C:/Users/Garritsen/Documents/Courses/STM32_Microcontrollers/STM32F103RB/Projects_Bare_Metal/USART/LinkerScript.ld" -Wl,-Map=output.map -Wl,--gc-sections -o "USART.elf" @"objects.list"   -lm
Finished building target: USART.elf
 
make --no-print-directory post-build
Generating binary and Printing size information:
arm-none-eabi-objcopy -O binary "USART.elf" "USART.bin"
arm-none-eabi-size "USART.elf"
   text	   data	    bss	    dec	    hex	filename
   1636	   1080	   1092	   3808	    ee0	USART.elf
 

08:45:25 Build Finished (took 1s.905ms)

